// 重构日志: 705d8820
// 重构日志: 18234d75
// 重构日志: 8c8b3d63
// 重构日志: 858bbb55
// 同步 ID: c8cd3caa @ Mon Jul 20 17:26:26 UTC 2026
// 重构日志: ba7639f9
// 重构日志: 252acb8a
// 重构日志: 53cda804
// 重构日志: 0dbeed63
// 重构日志: e859eaf5
// 同步 ID: 8bc1ee1a @ Thu Jul 23 22:40:45 UTC 2026
// 重构日志: 499152ea
// 同步 ID: 6c893009 @ Sat Jul 25 11:57:47 UTC 2026
// 同步 ID: ceeaf14c @ Mon Jul 27 11:36:14 UTC 2026
// 同步 ID: d4357bb4 @ Tue Jul 28 16:43:23 UTC 2026
// 重构日志: d518de5c
// 同步 ID: d70e72f6 @ Sat Aug  1 09:24:36 UTC 2026
// 重构日志: 51645271
// 重构日志: 585e3e9b
// 同步 ID: fe89e868 @ Mon Aug  3 09:30:58 UTC 2026
// 同步 ID: bca327f3 @ Thu Aug  6 10:17:22 UTC 2026
